
⠀⠀⠀⠀⣀⡀
⠀⠀⠀⠀⣿⠙⣦⠀⠀⠀⠀⠀⠀⣀⣤⡶⠛⠁
⠀⠀⠀⠀⢻⠀⠈⠳⠀⠀⣀⣴⡾⠛⠁⣠⠂⢠⠇
⠀⠀⠀⠀⠈⢀⣀⠤⢤⡶⠟⠁⢀⣴⣟⠀⠀⣾
⠀⠀⠀⠠⠞⠉⢁⠀⠉⠀⢀⣠⣾⣿⣏⠀⢠⡇
⠀⠀⡰⠋⠀⢰⠃⠀⠀⠉⠛⠿⠿⠏⠁⠀⣸⠁
⠀⠀⣄⠀⠀⠏⣤⣤⣀⡀⠀⠀⠀⠀⠀⠾⢯⣀
⠀⠀⣻⠃⠀⣰⡿⠛⠁⠀⠀⠀⢤⣀⡀⠀⠺⣿⡟⠛⠁
⠀⡠⠋⡤⠠⠋⠀⠀⢀⠐⠁⠀⠈⣙⢯⡃⠀⢈⡻⣦
⢰⣷⠇⠀⠀⠀⢀⡠⠃⠀⠀⠀⠀⠈⠻⢯⡄⠀⢻⣿⣷
⠀⠉⠲⣶⣶⢾⣉⣐⡚⠋⠀⠀⠀⠀⠀⠘⠀⠀⡎⣿⣿⡇
⠀⠀⠀⠀⠀⣸⣿⣿⣿⣷⡄⠀⠀⢠⣿⣴⠀⠀⣿⣿⣿⣧
⠀⠀⠀⢀⣴⣿⣿⣿⣿⣿⠇⠀⢠⠟⣿⠏⢀⣾⠟⢸⣿⡇
⠀⠀⢠⣿⣿⣿⣿⠟⠘⠁⢠⠜⢉⣐⡥⠞⠋⢁⣴⣿⣿⠃
⠀⠀⣾⢻⣿⣿⠃⠀⠀⡀⢀⡄⠁⠀⠀⢠⡾ᵇʸ ᵗⁿᵏᵃ⠁
⠀⠀⠃⢸⣿⡇⠀⢠⣾⡇⢸⡇⠀⠀⠀⡞
⠀⠀⠀⠈⢿⡇⡰⠋⠈⠙⠂⠙⠢
⠀⠀⠀⠀⠈⢧[1G[18A[28C
[28CZenitsu ⚡@KIRN
[28C
[28C Windows 11 Home Single Language (25H2) x86_64
[28C 12th Gen Intel(R) Core(TM) i5-12450H (12) @ 4.40 GHz
[28C󰚗 MS-15K1 (REV:1.0)
[28C 13.00 GiB / 15.71 GiB (83%)
[28C 222.90 GiB / 300.70 GiB (74%) - NTFS
[28C 48.35 GiB / 87.45 GiB (55%) - NTFS
[28C
[28C● ● ● ● ● ● ● ●










> Configure project :app
WARNING: Using flatDir should be avoided because it doesn't support any meta-data formats.

> Configure project :capacitor-cordova-android-plugins
WARNING: Using flatDir should be avoided because it doesn't support any meta-data formats.

> Task :app:preBuild UP-TO-DATE
> Task :app:preDebugBuild UP-TO-DATE
> Task :app:mergeDebugNativeDebugMetadata NO-SOURCE
> Task :app:javaPreCompileDebug UP-TO-DATE
> Task :capacitor-android:preBuild UP-TO-DATE
> Task :capacitor-android:preDebugBuild UP-TO-DATE
> Task :capacitor-android:writeDebugAarMetadata UP-TO-DATE
> Task :capacitor-cordova-android-plugins:preBuild UP-TO-DATE
> Task :capacitor-cordova-android-plugins:preDebugBuild UP-TO-DATE
> Task :capacitor-cordova-android-plugins:writeDebugAarMetadata UP-TO-DATE
> Task :app:checkDebugAarMetadata UP-TO-DATE
> Task :capacitor-android:processDebugNavigationResources UP-TO-DATE
> Task :capacitor-cordova-android-plugins:processDebugNavigationResources UP-TO-DATE
> Task :app:processDebugNavigationResources UP-TO-DATE
> Task :app:compileDebugNavigationResources UP-TO-DATE
> Task :app:generateDebugResValues UP-TO-DATE
> Task :capacitor-android:generateDebugResValues UP-TO-DATE
> Task :capacitor-android:generateDebugResources UP-TO-DATE
> Task :capacitor-android:packageDebugResources UP-TO-DATE
> Task :capacitor-cordova-android-plugins:generateDebugResValues UP-TO-DATE
> Task :capacitor-cordova-android-plugins:generateDebugResources UP-TO-DATE
> Task :capacitor-cordova-android-plugins:packageDebugResources UP-TO-DATE
> Task :app:mapDebugSourceSetPaths UP-TO-DATE
> Task :app:generateDebugResources UP-TO-DATE
> Task :app:mergeDebugResources UP-TO-DATE
> Task :app:packageDebugResources UP-TO-DATE
> Task :app:parseDebugLocalResources UP-TO-DATE
> Task :app:createDebugCompatibleScreenManifests UP-TO-DATE
> Task :app:extractDeepLinksDebug UP-TO-DATE
> Task :capacitor-android:extractDeepLinksDebug UP-TO-DATE
> Task :capacitor-android:processDebugManifest UP-TO-DATE
> Task :capacitor-cordova-android-plugins:extractDeepLinksDebug UP-TO-DATE
> Task :capacitor-cordova-android-plugins:processDebugManifest UP-TO-DATE
> Task :app:processDebugMainManifest UP-TO-DATE
> Task :app:processDebugManifest UP-TO-DATE
> Task :app:processDebugManifestForPackage UP-TO-DATE
> Task :capacitor-android:compileDebugLibraryResources UP-TO-DATE
> Task :capacitor-android:parseDebugLocalResources UP-TO-DATE
> Task :capacitor-android:generateDebugRFile UP-TO-DATE
> Task :capacitor-cordova-android-plugins:compileDebugLibraryResources UP-TO-DATE
> Task :capacitor-cordova-android-plugins:parseDebugLocalResources UP-TO-DATE
> Task :capacitor-cordova-android-plugins:generateDebugRFile UP-TO-DATE
> Task :capacitor-android:javaPreCompileDebug UP-TO-DATE
> Task :capacitor-android:compileDebugJavaWithJavac FAILED
> Task :app:processDebugResources

[Incubating] Problems report is available at: file:///D:/KIRN'S%20FOLDER/Project's/guardian-angel-alert/android/build/reports/problems/problems-report.html
.\gradlew.bat : 
At line:1 char:1
+ .\gradlew.bat 
assembleDebug > 
..\build_error.log 2>&1
+ ~~~~~~~~~~~~~~~~~~~~~~~~
~~~~~~~~~~~~~~~~~~~~~~~~~~
~~~
    + CategoryInfo        
      : NotSpecified: (:  
  String) [], RemoteExc   
 eption
    + FullyQualifiedError 
   Id : NativeCommandErr  
  or
 
FAILURE: Build failed 
with an exception.

* What went wrong:
Execution failed for task 
':capacitor-android:compil
eDebugJavaWithJavac'.
> Java compilation 
initialization error
    error: invalid source 
release: 21

* Try:
> Run with --stacktrace 
option to get the stack 
trace.
> Run with --info or 
--debug option to get 
more log output.
> Run with --scan to get 
full insights.
> Get more help at 
https://help.gradle.org.

BUILD FAILED in 2s
38 actionable tasks: 2 executed, 36 up-to-date
